// Jest Snapshot v1, https://goo.gl/fbAQLP

exports[`CalendarEventForm should render correctly 1`] = `
<div>
  <div
    class="container"
  >
    <form>
      <div
        class="header"
      >
        <input
          class="textInput"
          maxlength="26"
          placeholder="Add new event"
          required=""
          value=""
        />
        <button
          class="button iconButton   crossButton"
          type="button"
        >
          <svg
            height="32"
            style="color: red;"
            width="32"
          >
            cross.svg
          </svg>
        </button>
      </div>
      <div
        class="content"
      >
        <svg
          height="32"
          style="color: red;"
          width="32"
        >
          sun.svg
        </svg>
        <div>
          Friday
          , 
          20
           
          Oct
        </div>
      </div>
      <div
        class="content"
      >
        <b>
          32 ℃
        </b>
        <small>
          Mostly sunny. Light wind.
        </small>
      </div>
      <div
        class="footer"
      >
        <button
          class="button textButton positive  saveButton"
          role="submit"
        >
          Save
        </button>
      </div>
    </form>
  </div>
</div>
`;
