// Jest Snapshot v1, https://goo.gl/fbAQLP

exports[`App should render correctly 1`] = `
<div>
  <div
    class="App"
  >
    <div
      class="calendarWrapper"
    >
      <div
        class="calendarContainer"
      >
        <div
          class="calendar"
        >
          <div
            class="header"
          >
            <div
              class="monthSelectorContainer"
            >
              <span
                class="monthSelector"
              >
                <button
                  class="button textButton   "
                >
                  Today
                </button>
                <div
                  class="navigationButtonContainer"
                >
                  <button
                    class="button iconButton   "
                  >
                    <svg
                      height="32"
                      width="32"
                    >
                      chevron-left.svg
                    </svg>
                  </button>
                  <button
                    class="button iconButton   "
                  >
                    <svg
                      height="32"
                      width="32"
                    >
                      chevron-right.svg
                    </svg>
                  </button>
                </div>
              </span>
            </div>
            <div
              class="dateStringContainer"
            >
              <h3>
                October
                 
                2023
              </h3>
            </div>
          </div>
          <div
            class="monthViewWithTransition"
          >
            <div
              class="monthView"
              role="grid"
              style="transition: left 400ms; left: -768px;"
            >
              <div
                class="weekContainer"
              >
                <div
                  class="week"
                  role="row"
                >
                  <div
                    class="day "
                    role="button"
                  >
                    <div
                      class="header"
                    >
                      <b>
                        Sun
                      </b>
                    </div>
                    <div
                      class="header content"
                    >
                      <div
                        class="number  inactive"
                      >
                        <span>
                          27
                        </span>
                      </div>
                    </div>
                    <div
                      class="footer"
                    />
                  </div>
                  <div
                    class="day "
                    role="button"
                  >
                    <div
                      class="header"
                    >
                      <b>
                        Mon
                      </b>
                    </div>
                    <div
                      class="header content"
                    >
                      <div
                        class="number  inactive"
                      >
                        <span>
                          28
                        </span>
                      </div>
                    </div>
                    <div
                      class="footer"
                    />
                  </div>
                  <div
                    class="day "
                    role="button"
                  >
                    <div
                      class="header"
                    >
                      <b>
                        Tue
                      </b>
                    </div>
                    <div
                      class="header content"
                    >
                      <div
                        class="number  inactive"
                      >
                        <span>
                          29
                        </span>
                      </div>
                    </div>
                    <div
                      class="footer"
                    />
                  </div>
                  <div
                    class="day "
                    role="button"
                  >
                    <div
                      class="header"
                    >
                      <b>
                        Wed
                      </b>
                    </div>
                    <div
                      class="header content"
                    >
                      <div
                        class="number  inactive"
                      >
                        <span>
                          30
                        </span>
                      </div>
                    </div>
                    <div
                      class="footer"
                    />
                  </div>
                  <div
                    class="day "
                    role="button"
                  >
                    <div
                      class="header"
                    >
                      <b>
                        Thu
                      </b>
                    </div>
                    <div
                      class="header content"
                    >
                      <div
                        class="number  inactive"
                      >
                        <span>
                          31
                        </span>
                      </div>
                    </div>
                    <div
                      class="footer"
                    />
                  </div>
                  <div
                    class="day "
                    role="button"
                  >
                    <div
                      class="header"
                    >
                      <b>
                        Fri
                      </b>
                    </div>
                    <div
                      class="header content"
                    >
                      <div
                        class="number  "
                      >
                        <span>
                          Sep
                        </span>
                        , 
                        <span>
                          1
                        </span>
                      </div>
                    </div>
                    <div
                      class="footer"
                    />
                  </div>
                  <div
                    class="day "
                    role="button"
                  >
                    <div
                      class="header"
                    >
                      <b>
                        Sat
                      </b>
                    </div>
                    <div
                      class="header content"
                    >
                      <div
                        class="number  "
                      >
                        <span>
                          2
                        </span>
                      </div>
                    </div>
                    <div
                      class="footer"
                    />
                  </div>
                </div>
                <div
                  class="week"
                  role="row"
                >
                  <div
                    class="day "
                    role="button"
                  >
                    <div
                      class="header content"
                    >
                      <div
                        class="number  "
                      >
                        <span>
                          3
                        </span>
                      </div>
                    </div>
                    <div
                      class="footer"
                    />
                  </div>
                  <div
                    class="day "
                    role="button"
                  >
                    <div
                      class="header content"
                    >
                      <div
                        class="number  "
                      >
                        <span>
                          4
                        </span>
                      </div>
                    </div>
                    <div
                      class="footer"
                    />
                  </div>
                  <div
                    class="day "
                    role="button"
                  >
                    <div
                      class="header content"
                    >
                      <div
                        class="number  "
                      >
                        <span>
                          5
                        </span>
                      </div>
                    </div>
                    <div
                      class="footer"
                    />
                  </div>
                  <div
                    class="day "
                    role="button"
                  >
                    <div
                      class="header content"
                    >
                      <div
                        class="number  "
                      >
                        <span>
                          6
                        </span>
                      </div>
                    </div>
                    <div
                      class="footer"
                    />
                  </div>
                  <div
                    class="day "
                    role="button"
                  >
                    <div
                      class="header content"
                    >
                      <div
                        class="number  "
                      >
                        <span>
                          7
                        </span>
                      </div>
                    </div>
                    <div
                      class="footer"
                    />
                  </div>
                  <div
                    class="day "
                    role="button"
                  >
                    <div
                      class="header content"
                    >
                      <div
                        class="number  "
                      >
                        <span>
                          8
                        </span>
                      </div>
                    </div>
                    <div
                      class="footer"
                    />
                  </div>
                  <div
                    class="day "
                    role="button"
                  >
                    <div
                      class="header content"
                    >
                      <div
                        class="number  "
                      >
                        <span>
                          9
                        </span>
                      </div>
                    </div>
                    <div
                      class="footer"
                    />
                  </div>
                </div>
                <div
                  class="week"
                  role="row"
                >
                  <div
                    class="day "
                    role="button"
                  >
                    <div
                      class="header content"
                    >
                      <div
                        class="number  "
                      >
                        <span>
                          10
                        </span>
                      </div>
                    </div>
                    <div
                      class="footer"
                    />
                  </div>
                  <div
                    class="day "
                    role="button"
                  >
                    <div
                      class="header content"
                    >
                      <div
                        class="number  "
                      >
                        <span>
                          11
                        </span>
                      </div>
                    </div>
                    <div
                      class="footer"
                    />
                  </div>
                  <div
                    class="day "
                    role="button"
                  >
                    <div
                      class="header content"
                    >
                      <div
                        class="number  "
                      >
                        <span>
                          12
                        </span>
                      </div>
                    </div>
                    <div
                      class="footer"
                    />
                  </div>
                  <div
                    class="day "
                    role="button"
                  >
                    <div
                      class="header content"
                    >
                      <div
                        class="number  "
                      >
                        <span>
                          13
                        </span>
                      </div>
                    </div>
                    <div
                      class="footer"
                    />
                  </div>
                  <div
                    class="day "
                    role="button"
                  >
                    <div
                      class="header content"
                    >
                      <div
                        class="number  "
                      >
                        <span>
                          14
                        </span>
                      </div>
                    </div>
                    <div
                      class="footer"
                    />
                  </div>
                  <div
                    class="day "
                    role="button"
                  >
                    <div
                      class="header content"
                    >
                      <div
                        class="number  "
                      >
                        <span>
                          15
                        </span>
                      </div>
                    </div>
                    <div
                      class="footer"
                    />
                  </div>
                  <div
                    class="day "
                    role="button"
                  >
                    <div
                      class="header content"
                    >
                      <div
                        class="number  "
                      >
                        <span>
                          16
                        </span>
                      </div>
                    </div>
                    <div
                      class="footer"
                    />
                  </div>
                </div>
                <div
                  class="week"
                  role="row"
                >
                  <div
                    class="day "
                    role="button"
                  >
                    <div
                      class="header content"
                    >
                      <div
                        class="number  "
                      >
                        <span>
                          17
                        </span>
                      </div>
                    </div>
                    <div
                      class="footer"
                    />
                  </div>
                  <div
                    class="day "
                    role="button"
                  >
                    <div
                      class="header content"
                    >
                      <div
                        class="number  "
                      >
                        <span>
                          18
                        </span>
                      </div>
                    </div>
                    <div
                      class="footer"
                    />
                  </div>
                  <div
                    class="day "
                    role="button"
                  >
                    <div
                      class="header content"
                    >
                      <div
                        class="number  "
                      >
                        <span>
                          19
                        </span>
                      </div>
                    </div>
                    <div
                      class="footer"
                    />
                  </div>
                  <div
                    class="day "
                    role="button"
                  >
                    <div
                      class="header content"
                    >
                      <div
                        class="number  "
                      >
                        <span>
                          20
                        </span>
                      </div>
                    </div>
                    <div
                      class="footer"
                    />
                  </div>
                  <div
                    class="day "
                    role="button"
                  >
                    <div
                      class="header content"
                    >
                      <div
                        class="number  "
                      >
                        <span>
                          21
                        </span>
                      </div>
                    </div>
                    <div
                      class="footer"
                    />
                  </div>
                  <div
                    class="day "
                    role="button"
                  >
                    <div
                      class="header content"
                    >
                      <div
                        class="number  "
                      >
                        <span>
                          22
                        </span>
                      </div>
                    </div>
                    <div
                      class="footer"
                    />
                  </div>
                  <div
                    class="day "
                    role="button"
                  >
                    <div
                      class="header content"
                    >
                      <div
                        class="number  "
                      >
                        <span>
                          23
                        </span>
                      </div>
                    </div>
                    <div
                      class="footer"
                    />
                  </div>
                </div>
                <div
                  class="week"
                  role="row"
                >
                  <div
                    class="day "
                    role="button"
                  >
                    <div
                      class="header content"
                    >
                      <div
                        class="number  "
                      >
                        <span>
                          24
                        </span>
                      </div>
                    </div>
                    <div
                      class="footer"
                    />
                  </div>
                  <div
                    class="day "
                    role="button"
                  >
                    <div
                      class="header content"
                    >
                      <div
                        class="number  "
                      >
                        <span>
                          25
                        </span>
                      </div>
                    </div>
                    <div
                      class="footer"
                    />
                  </div>
                  <div
                    class="day "
                    role="button"
                  >
                    <div
                      class="header content"
                    >
                      <div
                        class="number  "
                      >
                        <span>
                          26
                        </span>
                      </div>
                    </div>
                    <div
                      class="footer"
                    />
                  </div>
                  <div
                    class="day "
                    role="button"
                  >
                    <div
                      class="header content"
                    >
                      <div
                        class="number  "
                      >
                        <span>
                          27
                        </span>
                      </div>
                    </div>
                    <div
                      class="footer"
                    />
                  </div>
                  <div
                    class="day "
                    role="button"
                  >
                    <div
                      class="header content"
                    >
                      <div
                        class="number  "
                      >
                        <span>
                          28
                        </span>
                      </div>
                    </div>
                    <div
                      class="footer"
                    />
                  </div>
                  <div
                    class="day "
                    role="button"
                  >
                    <div
                      class="header content"
                    >
                      <div
                        class="number  "
                      >
                        <span>
                          29
                        </span>
                      </div>
                    </div>
                    <div
                      class="footer"
                    />
                  </div>
                  <div
                    class="day "
                    role="button"
                  >
                    <div
                      class="header content"
                    >
                      <div
                        class="number  "
                      >
                        <span>
                          30
                        </span>
                      </div>
                    </div>
                    <div
                      class="footer"
                    />
                  </div>
                </div>
                <div
                  class="week"
                  role="row"
                >
                  <div
                    class="day "
                    role="button"
                  >
                    <div
                      class="header content"
                    >
                      <div
                        class="number  inactive"
                      >
                        <span>
                          Oct
                        </span>
                        , 
                        <span>
                          1
                        </span>
                      </div>
                    </div>
                    <div
                      class="footer"
                    />
                  </div>
                  <div
                    class="day "
                    role="button"
                  >
                    <div
                      class="header content"
                    >
                      <div
                        class="number  inactive"
                      >
                        <span>
                          2
                        </span>
                      </div>
                    </div>
                    <div
                      class="footer"
                    />
                  </div>
                  <div
                    class="day "
                    role="button"
                  >
                    <div
                      class="header content"
                    >
                      <div
                        class="number  inactive"
                      >
                        <span>
                          3
                        </span>
                      </div>
                    </div>
                    <div
                      class="footer"
                    />
                  </div>
                  <div
                    class="day "
                    role="button"
                  >
                    <div
                      class="header content"
                    >
                      <div
                        class="number  inactive"
                      >
                        <span>
                          4
                        </span>
                      </div>
                    </div>
                    <div
                      class="footer"
                    />
                  </div>
                  <div
                    class="day "
                    role="button"
                  >
                    <div
                      class="header content"
                    >
                      <div
                        class="number  inactive"
                      >
                        <span>
                          5
                        </span>
                      </div>
                    </div>
                    <div
                      class="footer"
                    />
                  </div>
                  <div
                    class="day "
                    role="button"
                  >
                    <div
                      class="header content"
                    >
                      <div
                        class="number  inactive"
                      >
                        <span>
                          6
                        </span>
                      </div>
                    </div>
                    <div
                      class="footer"
                    />
                  </div>
                  <div
                    class="day "
                    role="button"
                  >
                    <div
                      class="header content"
                    >
                      <div
                        class="number  inactive"
                      >
                        <span>
                          7
                        </span>
                      </div>
                    </div>
                    <div
                      class="footer"
                    />
                  </div>
                </div>
              </div>
            </div>
            <div
              class="monthView"
              role="grid"
              style="transition: left 400ms; left: 0px;"
            >
              <div
                class="weekContainer"
              >
                <div
                  class="week"
                  role="row"
                >
                  <div
                    class="day "
                    role="button"
                  >
                    <div
                      class="header"
                    >
                      <b>
                        Sun
                      </b>
                    </div>
                    <div
                      class="header content"
                    >
                      <div
                        class="number  "
                      >
                        <span>
                          Oct
                        </span>
                        , 
                        <span>
                          1
                        </span>
                      </div>
                    </div>
                    <div
                      class="footer"
                    />
                  </div>
                  <div
                    class="day "
                    role="button"
                  >
                    <div
                      class="header"
                    >
                      <b>
                        Mon
                      </b>
                    </div>
                    <div
                      class="header content"
                    >
                      <div
                        class="number  "
                      >
                        <span>
                          2
                        </span>
                      </div>
                    </div>
                    <div
                      class="footer"
                    />
                  </div>
                  <div
                    class="day "
                    role="button"
                  >
                    <div
                      class="header"
                    >
                      <b>
                        Tue
                      </b>
                    </div>
                    <div
                      class="header content"
                    >
                      <div
                        class="number  "
                      >
                        <span>
                          3
                        </span>
                      </div>
                    </div>
                    <div
                      class="footer"
                    />
                  </div>
                  <div
                    class="day "
                    role="button"
                  >
                    <div
                      class="header"
                    >
                      <b>
                        Wed
                      </b>
                    </div>
                    <div
                      class="header content"
                    >
                      <div
                        class="number  "
                      >
                        <span>
                          4
                        </span>
                      </div>
                    </div>
                    <div
                      class="footer"
                    />
                  </div>
                  <div
                    class="day "
                    role="button"
                  >
                    <div
                      class="header"
                    >
                      <b>
                        Thu
                      </b>
                    </div>
                    <div
                      class="header content"
                    >
                      <div
                        class="number  "
                      >
                        <span>
                          5
                        </span>
                      </div>
                    </div>
                    <div
                      class="footer"
                    />
                  </div>
                  <div
                    class="day "
                    role="button"
                  >
                    <div
                      class="header"
                    >
                      <b>
                        Fri
                      </b>
                    </div>
                    <div
                      class="header content"
                    >
                      <div
                        class="number  "
                      >
                        <span>
                          6
                        </span>
                      </div>
                    </div>
                    <div
                      class="footer"
                    />
                  </div>
                  <div
                    class="day "
                    role="button"
                  >
                    <div
                      class="header"
                    >
                      <b>
                        Sat
                      </b>
                    </div>
                    <div
                      class="header content"
                    >
                      <div
                        class="number  "
                      >
                        <span>
                          7
                        </span>
                      </div>
                    </div>
                    <div
                      class="footer"
                    />
                  </div>
                </div>
                <div
                  class="week"
                  role="row"
                >
                  <div
                    class="day "
                    role="button"
                  >
                    <div
                      class="header content"
                    >
                      <div
                        class="number  "
                      >
                        <span>
                          8
                        </span>
                      </div>
                    </div>
                    <div
                      class="footer"
                    />
                  </div>
                  <div
                    class="day "
                    role="button"
                  >
                    <div
                      class="header content"
                    >
                      <div
                        class="number  "
                      >
                        <span>
                          9
                        </span>
                      </div>
                    </div>
                    <div
                      class="footer"
                    />
                  </div>
                  <div
                    class="day "
                    role="button"
                  >
                    <div
                      class="header content"
                    >
                      <div
                        class="number  "
                      >
                        <span>
                          10
                        </span>
                      </div>
                    </div>
                    <div
                      class="footer"
                    />
                  </div>
                  <div
                    class="day "
                    role="button"
                  >
                    <div
                      class="header content"
                    >
                      <div
                        class="number  "
                      >
                        <span>
                          11
                        </span>
                      </div>
                    </div>
                    <div
                      class="footer"
                    />
                  </div>
                  <div
                    class="day "
                    role="button"
                  >
                    <div
                      class="header content"
                    >
                      <div
                        class="number  "
                      >
                        <span>
                          12
                        </span>
                      </div>
                    </div>
                    <div
                      class="footer"
                    />
                  </div>
                  <div
                    class="day "
                    role="button"
                  >
                    <div
                      class="header content"
                    >
                      <div
                        class="number  "
                      >
                        <span>
                          13
                        </span>
                      </div>
                    </div>
                    <div
                      class="footer"
                    />
                  </div>
                  <div
                    class="day "
                    role="button"
                  >
                    <div
                      class="header content"
                    >
                      <div
                        class="number  "
                      >
                        <span>
                          14
                        </span>
                      </div>
                    </div>
                    <div
                      class="footer"
                    />
                  </div>
                </div>
                <div
                  class="week"
                  role="row"
                >
                  <div
                    class="day "
                    role="button"
                  >
                    <div
                      class="header content"
                    >
                      <div
                        class="number  "
                      >
                        <span>
                          15
                        </span>
                      </div>
                    </div>
                    <div
                      class="footer"
                    />
                  </div>
                  <div
                    class="day "
                    role="button"
                  >
                    <div
                      class="header content"
                    >
                      <div
                        class="number  "
                      >
                        <span>
                          16
                        </span>
                      </div>
                    </div>
                    <div
                      class="footer"
                    />
                  </div>
                  <div
                    class="day "
                    role="button"
                  >
                    <div
                      class="header content"
                    >
                      <div
                        class="number  "
                      >
                        <span>
                          17
                        </span>
                      </div>
                    </div>
                    <div
                      class="footer"
                    />
                  </div>
                  <div
                    class="day "
                    role="button"
                  >
                    <div
                      class="header content"
                    >
                      <div
                        class="number  "
                      >
                        <span>
                          18
                        </span>
                      </div>
                    </div>
                    <div
                      class="footer"
                    />
                  </div>
                  <div
                    class="day "
                    role="button"
                  >
                    <div
                      class="header content"
                    >
                      <div
                        class="number  "
                      >
                        <span>
                          19
                        </span>
                      </div>
                    </div>
                    <div
                      class="footer"
                    />
                  </div>
                  <div
                    class="day "
                    role="button"
                  >
                    <div
                      class="header content"
                    >
                      <div
                        class="number today "
                      >
                        <span>
                          20
                        </span>
                      </div>
                    </div>
                    <div
                      class="footer"
                    />
                  </div>
                  <div
                    class="day "
                    role="button"
                  >
                    <div
                      class="header content"
                    >
                      <div
                        class="number  "
                      >
                        <span>
                          21
                        </span>
                      </div>
                    </div>
                    <div
                      class="footer"
                    />
                  </div>
                </div>
                <div
                  class="week"
                  role="row"
                >
                  <div
                    class="day "
                    role="button"
                  >
                    <div
                      class="header content"
                    >
                      <div
                        class="number  "
                      >
                        <span>
                          22
                        </span>
                      </div>
                    </div>
                    <div
                      class="footer"
                    />
                  </div>
                  <div
                    class="day "
                    role="button"
                  >
                    <div
                      class="header content"
                    >
                      <div
                        class="number  "
                      >
                        <span>
                          23
                        </span>
                      </div>
                    </div>
                    <div
                      class="footer"
                    />
                  </div>
                  <div
                    class="day "
                    role="button"
                  >
                    <div
                      class="header content"
                    >
                      <div
                        class="number  "
                      >
                        <span>
                          24
                        </span>
                      </div>
                    </div>
                    <div
                      class="footer"
                    />
                  </div>
                  <div
                    class="day "
                    role="button"
                  >
                    <div
                      class="header content"
                    >
                      <div
                        class="number  "
                      >
                        <span>
                          25
                        </span>
                      </div>
                    </div>
                    <div
                      class="footer"
                    />
                  </div>
                  <div
                    class="day "
                    role="button"
                  >
                    <div
                      class="header content"
                    >
                      <div
                        class="number  "
                      >
                        <span>
                          26
                        </span>
                      </div>
                    </div>
                    <div
                      class="footer"
                    />
                  </div>
                  <div
                    class="day "
                    role="button"
                  >
                    <div
                      class="header content"
                    >
                      <div
                        class="number  "
                      >
                        <span>
                          27
                        </span>
                      </div>
                    </div>
                    <div
                      class="footer"
                    />
                  </div>
                  <div
                    class="day "
                    role="button"
                  >
                    <div
                      class="header content"
                    >
                      <div
                        class="number  "
                      >
                        <span>
                          28
                        </span>
                      </div>
                    </div>
                    <div
                      class="footer"
                    />
                  </div>
                </div>
                <div
                  class="week"
                  role="row"
                >
                  <div
                    class="day "
                    role="button"
                  >
                    <div
                      class="header content"
                    >
                      <div
                        class="number  "
                      >
                        <span>
                          29
                        </span>
                      </div>
                    </div>
                    <div
                      class="footer"
                    />
                  </div>
                  <div
                    class="day "
                    role="button"
                  >
                    <div
                      class="header content"
                    >
                      <div
                        class="number  "
                      >
                        <span>
                          30
                        </span>
                      </div>
                    </div>
                    <div
                      class="footer"
                    />
                  </div>
                  <div
                    class="day "
                    role="button"
                  >
                    <div
                      class="header content"
                    >
                      <div
                        class="number  "
                      >
                        <span>
                          31
                        </span>
                      </div>
                    </div>
                    <div
                      class="footer"
                    />
                  </div>
                  <div
                    class="day "
                    role="button"
                  >
                    <div
                      class="header content"
                    >
                      <div
                        class="number  inactive"
                      >
                        <span>
                          Nov
                        </span>
                        , 
                        <span>
                          1
                        </span>
                      </div>
                    </div>
                    <div
                      class="footer"
                    />
                  </div>
                  <div
                    class="day "
                    role="button"
                  >
                    <div
                      class="header content"
                    >
                      <div
                        class="number  inactive"
                      >
                        <span>
                          2
                        </span>
                      </div>
                    </div>
                    <div
                      class="footer"
                    />
                  </div>
                  <div
                    class="day "
                    role="button"
                  >
                    <div
                      class="header content"
                    >
                      <div
                        class="number  inactive"
                      >
                        <span>
                          3
                        </span>
                      </div>
                    </div>
                    <div
                      class="footer"
                    />
                  </div>
                  <div
                    class="day "
                    role="button"
                  >
                    <div
                      class="header content"
                    >
                      <div
                        class="number  inactive"
                      >
                        <span>
                          4
                        </span>
                      </div>
                    </div>
                    <div
                      class="footer"
                    />
                  </div>
                </div>
                <div
                  class="week"
                  role="row"
                >
                  <div
                    class="day "
                    role="button"
                  >
                    <div
                      class="header content"
                    >
                      <div
                        class="number  inactive"
                      >
                        <span>
                          5
                        </span>
                      </div>
                    </div>
                    <div
                      class="footer"
                    />
                  </div>
                  <div
                    class="day "
                    role="button"
                  >
                    <div
                      class="header content"
                    >
                      <div
                        class="number  inactive"
                      >
                        <span>
                          6
                        </span>
                      </div>
                    </div>
                    <div
                      class="footer"
                    />
                  </div>
                  <div
                    class="day "
                    role="button"
                  >
                    <div
                      class="header content"
                    >
                      <div
                        class="number  inactive"
                      >
                        <span>
                          7
                        </span>
                      </div>
                    </div>
                    <div
                      class="footer"
                    />
                  </div>
                  <div
                    class="day "
                    role="button"
                  >
                    <div
                      class="header content"
                    >
                      <div
                        class="number  inactive"
                      >
                        <span>
                          8
                        </span>
                      </div>
                    </div>
                    <div
                      class="footer"
                    />
                  </div>
                  <div
                    class="day "
                    role="button"
                  >
                    <div
                      class="header content"
                    >
                      <div
                        class="number  inactive"
                      >
                        <span>
                          9
                        </span>
                      </div>
                    </div>
                    <div
                      class="footer"
                    />
                  </div>
                  <div
                    class="day "
                    role="button"
                  >
                    <div
                      class="header content"
                    >
                      <div
                        class="number  inactive"
                      >
                        <span>
                          10
                        </span>
                      </div>
                    </div>
                    <div
                      class="footer"
                    />
                  </div>
                  <div
                    class="day "
                    role="button"
                  >
                    <div
                      class="header content"
                    >
                      <div
                        class="number  inactive"
                      >
                        <span>
                          11
                        </span>
                      </div>
                    </div>
                    <div
                      class="footer"
                    />
                  </div>
                </div>
              </div>
            </div>
            <div
              class="monthView"
              role="grid"
              style="transition: left 400ms; left: 768px;"
            >
              <div
                class="weekContainer"
              >
                <div
                  class="week"
                  role="row"
                >
                  <div
                    class="day "
                    role="button"
                  >
                    <div
                      class="header"
                    >
                      <b>
                        Sun
                      </b>
                    </div>
                    <div
                      class="header content"
                    >
                      <div
                        class="number  inactive"
                      >
                        <span>
                          29
                        </span>
                      </div>
                    </div>
                    <div
                      class="footer"
                    />
                  </div>
                  <div
                    class="day "
                    role="button"
                  >
                    <div
                      class="header"
                    >
                      <b>
                        Mon
                      </b>
                    </div>
                    <div
                      class="header content"
                    >
                      <div
                        class="number  inactive"
                      >
                        <span>
                          30
                        </span>
                      </div>
                    </div>
                    <div
                      class="footer"
                    />
                  </div>
                  <div
                    class="day "
                    role="button"
                  >
                    <div
                      class="header"
                    >
                      <b>
                        Tue
                      </b>
                    </div>
                    <div
                      class="header content"
                    >
                      <div
                        class="number  inactive"
                      >
                        <span>
                          31
                        </span>
                      </div>
                    </div>
                    <div
                      class="footer"
                    />
                  </div>
                  <div
                    class="day "
                    role="button"
                  >
                    <div
                      class="header"
                    >
                      <b>
                        Wed
                      </b>
                    </div>
                    <div
                      class="header content"
                    >
                      <div
                        class="number  "
                      >
                        <span>
                          Nov
                        </span>
                        , 
                        <span>
                          1
                        </span>
                      </div>
                    </div>
                    <div
                      class="footer"
                    />
                  </div>
                  <div
                    class="day "
                    role="button"
                  >
                    <div
                      class="header"
                    >
                      <b>
                        Thu
                      </b>
                    </div>
                    <div
                      class="header content"
                    >
                      <div
                        class="number  "
                      >
                        <span>
                          2
                        </span>
                      </div>
                    </div>
                    <div
                      class="footer"
                    />
                  </div>
                  <div
                    class="day "
                    role="button"
                  >
                    <div
                      class="header"
                    >
                      <b>
                        Fri
                      </b>
                    </div>
                    <div
                      class="header content"
                    >
                      <div
                        class="number  "
                      >
                        <span>
                          3
                        </span>
                      </div>
                    </div>
                    <div
                      class="footer"
                    />
                  </div>
                  <div
                    class="day "
                    role="button"
                  >
                    <div
                      class="header"
                    >
                      <b>
                        Sat
                      </b>
                    </div>
                    <div
                      class="header content"
                    >
                      <div
                        class="number  "
                      >
                        <span>
                          4
                        </span>
                      </div>
                    </div>
                    <div
                      class="footer"
                    />
                  </div>
                </div>
                <div
                  class="week"
                  role="row"
                >
                  <div
                    class="day "
                    role="button"
                  >
                    <div
                      class="header content"
                    >
                      <div
                        class="number  "
                      >
                        <span>
                          5
                        </span>
                      </div>
                    </div>
                    <div
                      class="footer"
                    />
                  </div>
                  <div
                    class="day "
                    role="button"
                  >
                    <div
                      class="header content"
                    >
                      <div
                        class="number  "
                      >
                        <span>
                          6
                        </span>
                      </div>
                    </div>
                    <div
                      class="footer"
                    />
                  </div>
                  <div
                    class="day "
                    role="button"
                  >
                    <div
                      class="header content"
                    >
                      <div
                        class="number  "
                      >
                        <span>
                          7
                        </span>
                      </div>
                    </div>
                    <div
                      class="footer"
                    />
                  </div>
                  <div
                    class="day "
                    role="button"
                  >
                    <div
                      class="header content"
                    >
                      <div
                        class="number  "
                      >
                        <span>
                          8
                        </span>
                      </div>
                    </div>
                    <div
                      class="footer"
                    />
                  </div>
                  <div
                    class="day "
                    role="button"
                  >
                    <div
                      class="header content"
                    >
                      <div
                        class="number  "
                      >
                        <span>
                          9
                        </span>
                      </div>
                    </div>
                    <div
                      class="footer"
                    />
                  </div>
                  <div
                    class="day "
                    role="button"
                  >
                    <div
                      class="header content"
                    >
                      <div
                        class="number  "
                      >
                        <span>
                          10
                        </span>
                      </div>
                    </div>
                    <div
                      class="footer"
                    />
                  </div>
                  <div
                    class="day "
                    role="button"
                  >
                    <div
                      class="header content"
                    >
                      <div
                        class="number  "
                      >
                        <span>
                          11
                        </span>
                      </div>
                    </div>
                    <div
                      class="footer"
                    />
                  </div>
                </div>
                <div
                  class="week"
                  role="row"
                >
                  <div
                    class="day "
                    role="button"
                  >
                    <div
                      class="header content"
                    >
                      <div
                        class="number  "
                      >
                        <span>
                          12
                        </span>
                      </div>
                    </div>
                    <div
                      class="footer"
                    />
                  </div>
                  <div
                    class="day "
                    role="button"
                  >
                    <div
                      class="header content"
                    >
                      <div
                        class="number  "
                      >
                        <span>
                          13
                        </span>
                      </div>
                    </div>
                    <div
                      class="footer"
                    />
                  </div>
                  <div
                    class="day "
                    role="button"
                  >
                    <div
                      class="header content"
                    >
                      <div
                        class="number  "
                      >
                        <span>
                          14
                        </span>
                      </div>
                    </div>
                    <div
                      class="footer"
                    />
                  </div>
                  <div
                    class="day "
                    role="button"
                  >
                    <div
                      class="header content"
                    >
                      <div
                        class="number  "
                      >
                        <span>
                          15
                        </span>
                      </div>
                    </div>
                    <div
                      class="footer"
                    />
                  </div>
                  <div
                    class="day "
                    role="button"
                  >
                    <div
                      class="header content"
                    >
                      <div
                        class="number  "
                      >
                        <span>
                          16
                        </span>
                      </div>
                    </div>
                    <div
                      class="footer"
                    />
                  </div>
                  <div
                    class="day "
                    role="button"
                  >
                    <div
                      class="header content"
                    >
                      <div
                        class="number  "
                      >
                        <span>
                          17
                        </span>
                      </div>
                    </div>
                    <div
                      class="footer"
                    />
                  </div>
                  <div
                    class="day "
                    role="button"
                  >
                    <div
                      class="header content"
                    >
                      <div
                        class="number  "
                      >
                        <span>
                          18
                        </span>
                      </div>
                    </div>
                    <div
                      class="footer"
                    />
                  </div>
                </div>
                <div
                  class="week"
                  role="row"
                >
                  <div
                    class="day "
                    role="button"
                  >
                    <div
                      class="header content"
                    >
                      <div
                        class="number  "
                      >
                        <span>
                          19
                        </span>
                      </div>
                    </div>
                    <div
                      class="footer"
                    />
                  </div>
                  <div
                    class="day "
                    role="button"
                  >
                    <div
                      class="header content"
                    >
                      <div
                        class="number  "
                      >
                        <span>
                          20
                        </span>
                      </div>
                    </div>
                    <div
                      class="footer"
                    />
                  </div>
                  <div
                    class="day "
                    role="button"
                  >
                    <div
                      class="header content"
                    >
                      <div
                        class="number  "
                      >
                        <span>
                          21
                        </span>
                      </div>
                    </div>
                    <div
                      class="footer"
                    />
                  </div>
                  <div
                    class="day "
                    role="button"
                  >
                    <div
                      class="header content"
                    >
                      <div
                        class="number  "
                      >
                        <span>
                          22
                        </span>
                      </div>
                    </div>
                    <div
                      class="footer"
                    />
                  </div>
                  <div
                    class="day "
                    role="button"
                  >
                    <div
                      class="header content"
                    >
                      <div
                        class="number  "
                      >
                        <span>
                          23
                        </span>
                      </div>
                    </div>
                    <div
                      class="footer"
                    />
                  </div>
                  <div
                    class="day "
                    role="button"
                  >
                    <div
                      class="header content"
                    >
                      <div
                        class="number  "
                      >
                        <span>
                          24
                        </span>
                      </div>
                    </div>
                    <div
                      class="footer"
                    />
                  </div>
                  <div
                    class="day "
                    role="button"
                  >
                    <div
                      class="header content"
                    >
                      <div
                        class="number  "
                      >
                        <span>
                          25
                        </span>
                      </div>
                    </div>
                    <div
                      class="footer"
                    />
                  </div>
                </div>
                <div
                  class="week"
                  role="row"
                >
                  <div
                    class="day "
                    role="button"
                  >
                    <div
                      class="header content"
                    >
                      <div
                        class="number  "
                      >
                        <span>
                          26
                        </span>
                      </div>
                    </div>
                    <div
                      class="footer"
                    />
                  </div>
                  <div
                    class="day "
                    role="button"
                  >
                    <div
                      class="header content"
                    >
                      <div
                        class="number  "
                      >
                        <span>
                          27
                        </span>
                      </div>
                    </div>
                    <div
                      class="footer"
                    />
                  </div>
                  <div
                    class="day "
                    role="button"
                  >
                    <div
                      class="header content"
                    >
                      <div
                        class="number  "
                      >
                        <span>
                          28
                        </span>
                      </div>
                    </div>
                    <div
                      class="footer"
                    />
                  </div>
                  <div
                    class="day "
                    role="button"
                  >
                    <div
                      class="header content"
                    >
                      <div
                        class="number  "
                      >
                        <span>
                          29
                        </span>
                      </div>
                    </div>
                    <div
                      class="footer"
                    />
                  </div>
                  <div
                    class="day "
                    role="button"
                  >
                    <div
                      class="header content"
                    >
                      <div
                        class="number  "
                      >
                        <span>
                          30
                        </span>
                      </div>
                    </div>
                    <div
                      class="footer"
                    />
                  </div>
                  <div
                    class="day "
                    role="button"
                  >
                    <div
                      class="header content"
                    >
                      <div
                        class="number  inactive"
                      >
                        <span>
                          Dec
                        </span>
                        , 
                        <span>
                          1
                        </span>
                      </div>
                    </div>
                    <div
                      class="footer"
                    />
                  </div>
                  <div
                    class="day "
                    role="button"
                  >
                    <div
                      class="header content"
                    >
                      <div
                        class="number  inactive"
                      >
                        <span>
                          2
                        </span>
                      </div>
                    </div>
                    <div
                      class="footer"
                    />
                  </div>
                </div>
                <div
                  class="week"
                  role="row"
                >
                  <div
                    class="day "
                    role="button"
                  >
                    <div
                      class="header content"
                    >
                      <div
                        class="number  inactive"
                      >
                        <span>
                          3
                        </span>
                      </div>
                    </div>
                    <div
                      class="footer"
                    />
                  </div>
                  <div
                    class="day "
                    role="button"
                  >
                    <div
                      class="header content"
                    >
                      <div
                        class="number  inactive"
                      >
                        <span>
                          4
                        </span>
                      </div>
                    </div>
                    <div
                      class="footer"
                    />
                  </div>
                  <div
                    class="day "
                    role="button"
                  >
                    <div
                      class="header content"
                    >
                      <div
                        class="number  inactive"
                      >
                        <span>
                          5
                        </span>
                      </div>
                    </div>
                    <div
                      class="footer"
                    />
                  </div>
                  <div
                    class="day "
                    role="button"
                  >
                    <div
                      class="header content"
                    >
                      <div
                        class="number  inactive"
                      >
                        <span>
                          6
                        </span>
                      </div>
                    </div>
                    <div
                      class="footer"
                    />
                  </div>
                  <div
                    class="day "
                    role="button"
                  >
                    <div
                      class="header content"
                    >
                      <div
                        class="number  inactive"
                      >
                        <span>
                          7
                        </span>
                      </div>
                    </div>
                    <div
                      class="footer"
                    />
                  </div>
                  <div
                    class="day "
                    role="button"
                  >
                    <div
                      class="header content"
                    >
                      <div
                        class="number  inactive"
                      >
                        <span>
                          8
                        </span>
                      </div>
                    </div>
                    <div
                      class="footer"
                    />
                  </div>
                  <div
                    class="day "
                    role="button"
                  >
                    <div
                      class="header content"
                    >
                      <div
                        class="number  inactive"
                      >
                        <span>
                          9
                        </span>
                      </div>
                    </div>
                    <div
                      class="footer"
                    />
                  </div>
                </div>
              </div>
            </div>
          </div>
        </div>
      </div>
    </div>
  </div>
</div>
`;
